2026-10-07 16:29:51,256 - aqt.main - INFO - installer 130904795296256 aqtinstall(aqt) v3.3.0 on Python 3.14.4 [CPython GCC 15.2.0]
2026-10-07 16:29:51,970 - aqt.helper - DEBUG - helper 125695522136576 Attempt to download checksum at https://download.qt.io/online/qtsdkrepository/linux_x64/desktop/qt6_6120/qt6_6120/Updates.xml.sha256
2026-10-07 16:30:01,499 - aqt.helper - DEBUG - helper 128966384148992 Attempt to download checksum at https://download.qt.io/online/qtsdkrepository/linux_x64/desktop/qt6_6120/qt6_6120/Updates.xml.sha256
2026-10-07 16:30:10,288 - aqt.helper - DEBUG - helper 128966384148992 Attempt to download checksum at https://download.qt.io/online/qtsdkrepository/linux_x64/extensions/qtpdf/6120/x86_64/Updates.xml.sha256
2026-10-07 16:30:18,914 - aqt.helper - DEBUG - helper 128966384148992 Attempt to download checksum at https://download.qt.io/online/qtsdkrepository/linux_x64/extensions/qtwebengine/6120/x86_64/Updates.xml.sha256
2026-10-07 16:30:38,582 - aqt.main - INFO - installer 127309746684416 aqtinstall(aqt) v3.3.0 on Python 3.14.4 [CPython GCC 15.2.0]
2026-10-07 16:30:38,583 - aqt.helper - DEBUG - helper 127309746684416 Attempt to download checksum at https://download.qt.io/online/qtsdkrepository/linux_x64/desktop/qt6_6120/qt6_6120/Updates.xml.sha256
2026-10-07 16:30:47,375 - aqt.helper - DEBUG - helper 127309746684416 Attempt to download checksum at https://download.qt.io/online/qtsdkrepository/linux_x64/extensions/qtwebengine/6120/x86_64/Updates.xml.sha256
2026-10-07 16:30:56,050 - aqt.archives - INFO - archives 127309746684416 Found extension qtwebengine
2026-10-07 16:30:56,050 - aqt.helper - DEBUG - helper 127309746684416 Attempt to download checksum at https://download.qt.io/online/qtsdkrepository/linux_x64/extensions/qtpdf/6120/x86_64/Updates.xml.sha256
2026-10-07 16:31:04,747 - aqt.archives - INFO - archives 127309746684416 Found extension qtpdf
2026-10-07 16:31:05,639 - aqt.helper - DEBUG - helper 132312019276288 Attempt to download checksum at https://download.qt.io/online/qtsdkrepository/linux_x64/desktop/qt6_6120/qt6_6120/qt.qt6.6120.addons.qtmultimedia.linux_gcc_64/6.12.0-0-202609280346qtmultimedia-Linux-RHEL_9_6-GCC-Linux-RHEL_9_6-X86_64.7z.sha256
2026-10-07 16:31:05,695 - aqt.helper - DEBUG - helper 140379547288064 Attempt to download checksum at https://download.qt.io/online/qtsdkrepository/linux_x64/desktop/qt6_6120/qt6_6120/qt.qt6.6120.linux_gcc_64/6.12.0-0-202609280346qtbase-Linux-RHEL_9_6-GCC-Linux-RHEL_9_6-X86_64.7z.sha256
2026-10-07 16:31:05,723 - aqt.helper - DEBUG - helper 124422604530176 Attempt to download checksum at https://download.qt.io/online/qtsdkrepository/linux_x64/desktop/qt6_6120/qt6_6120/qt.qt6.6120.linux_gcc_64/6.12.0-0-202609280346qtsvg-Linux-RHEL_9_6-GCC-Linux-RHEL_9_6-X86_64.7z.sha256
2026-10-07 16:31:05,776 - aqt.helper - DEBUG - helper 131229973201408 Attempt to download checksum at https://download.qt.io/online/qtsdkrepository/linux_x64/desktop/qt6_6120/qt6_6120/qt.qt6.6120.linux_gcc_64/6.12.0-0-202609280346qtdeclarative-Linux-RHEL_9_6-GCC-Linux-RHEL_9_6-X86_64.7z.sha256
2026-10-07 16:31:10,045 - aqt.helper - INFO - helper 124422604530176 Downloading qtsvg...
2026-10-07 16:31:10,046 - aqt.installer - DEBUG - installer 124422604530176 Download URL: https://download.qt.io/online/qtsdkrepository/linux_x64/desktop/qt6_6120/qt6_6120/qt.qt6.6120.linux_gcc_64/6.12.0-0-202609280346qtsvg-Linux-RHEL_9_6-GCC-Linux-RHEL_9_6-X86_64.7z
2026-10-07 16:31:10,058 - aqt.helper - INFO - helper 132312019276288 Downloading qtmultimedia...
2026-10-07 16:31:10,058 - aqt.installer - DEBUG - installer 132312019276288 Download URL: https://download.qt.io/online/qtsdkrepository/linux_x64/desktop/qt6_6120/qt6_6120/qt.qt6.6120.addons.qtmultimedia.linux_gcc_64/6.12.0-0-202609280346qtmultimedia-Linux-RHEL_9_6-GCC-Linux-RHEL_9_6-X86_64.7z
2026-10-07 16:31:10,065 - aqt.helper - INFO - helper 140379547288064 Downloading qtbase...
2026-10-07 16:31:10,065 - aqt.installer - DEBUG - installer 140379547288064 Download URL: https://download.qt.io/online/qtsdkrepository/linux_x64/desktop/qt6_6120/qt6_6120/qt.qt6.6120.linux_gcc_64/6.12.0-0-202609280346qtbase-Linux-RHEL_9_6-GCC-Linux-RHEL_9_6-X86_64.7z
2026-10-07 16:31:10,162 - aqt.helper - INFO - helper 131229973201408 Downloading qtdeclarative...
2026-10-07 16:31:10,162 - aqt.installer - DEBUG - installer 131229973201408 Download URL: https://download.qt.io/online/qtsdkrepository/linux_x64/desktop/qt6_6120/qt6_6120/qt.qt6.6120.linux_gcc_64/6.12.0-0-202609280346qtdeclarative-Linux-RHEL_9_6-GCC-Linux-RHEL_9_6-X86_64.7z
2026-10-07 16:31:14,356 - aqt.helper - DEBUG - helper 124422604530176 Asked to redirect(302) to: https://qt.mirror.constant.com/online/qtsdkrepository/linux_x64/desktop/qt6_6120/qt6_6120/qt.qt6.6120.linux_gcc_64/6.12.0-0-202609280346qtsvg-Linux-RHEL_9_6-GCC-Linux-RHEL_9_6-X86_64.7z
2026-10-07 16:31:14,356 - aqt.helper - INFO - helper 124422604530176 Redirected: qt.mirror.constant.com
2026-10-07 16:31:14,419 - aqt.helper - DEBUG - helper 132312019276288 Asked to redirect(302) to: https://qt.mirror.constant.com/online/qtsdkrepository/linux_x64/desktop/qt6_6120/qt6_6120/qt.qt6.6120.addons.qtmultimedia.linux_gcc_64/6.12.0-0-202609280346qtmultimedia-Linux-RHEL_9_6-GCC-Linux-RHEL_9_6-X86_64.7z
2026-10-07 16:31:14,419 - aqt.helper - INFO - helper 132312019276288 Redirected: qt.mirror.constant.com
2026-10-07 16:31:14,429 - aqt.helper - DEBUG - helper 140379547288064 Asked to redirect(302) to: https://qt.mirror.constant.com/online/qtsdkrepository/linux_x64/desktop/qt6_6120/qt6_6120/qt.qt6.6120.linux_gcc_64/6.12.0-0-202609280346qtbase-Linux-RHEL_9_6-GCC-Linux-RHEL_9_6-X86_64.7z
2026-10-07 16:31:14,429 - aqt.helper - INFO - helper 140379547288064 Redirected: qt.mirror.constant.com
2026-10-07 16:31:14,462 - aqt.helper - DEBUG - helper 131229973201408 Asked to redirect(302) to: https://qt.mirror.constant.com/online/qtsdkrepository/linux_x64/desktop/qt6_6120/qt6_6120/qt.qt6.6120.linux_gcc_64/6.12.0-0-202609280346qtdeclarative-Linux-RHEL_9_6-GCC-Linux-RHEL_9_6-X86_64.7z
2026-10-07 16:31:14,463 - aqt.helper - INFO - helper 131229973201408 Redirected: qt.mirror.constant.com
2026-10-07 16:31:15,333 - aqt.installer - INFO - installer 124422604530176 Finished installation of qtsvg-Linux-RHEL_9_6-GCC-Linux-RHEL_9_6-X86_64.7z in 9.61421299
2026-10-07 16:31:15,358 - aqt.helper - DEBUG - helper 124422604530176 Attempt to download checksum at https://download.qt.io/online/qtsdkrepository/linux_x64/desktop/qt6_6120/qt6_6120/qt.qt6.6120.linux_gcc_64/6.12.0-0-202609280346qtdoc-Linux-RHEL_9_6-GCC-Linux-RHEL_9_6-X86_64.7z.sha256
2026-10-07 16:31:19,773 - aqt.helper - INFO - helper 124422604530176 Downloading qtdoc...
2026-10-07 16:31:19,774 - aqt.installer - DEBUG - installer 124422604530176 Download URL: https://download.qt.io/online/qtsdkrepository/linux_x64/desktop/qt6_6120/qt6_6120/qt.qt6.6120.linux_gcc_64/6.12.0-0-202609280346qtdoc-Linux-RHEL_9_6-GCC-Linux-RHEL_9_6-X86_64.7z
2026-10-07 16:31:20,976 - aqt.installer - INFO - installer 140379547288064 Finished installation of qtbase-Linux-RHEL_9_6-GCC-Linux-RHEL_9_6-X86_64.7z in 15.29123454
2026-10-07 16:31:21,045 - aqt.helper - DEBUG - helper 140379547288064 Attempt to download checksum at https://download.qt.io/online/qtsdkrepository/linux_x64/desktop/qt6_6120/qt6_6120/qt.qt6.6120.linux_gcc_64/6.12.0-0-202609280346qttools-Linux-RHEL_9_6-GCC-Linux-RHEL_9_6-X86_64.7z.sha256
